Bucket Created
[[Item(0)]]
Bucket Created
Bucket Created
Bucket Created
Bucket Created
Bucket Created
Bucket Expired
Bucket Created
Bucket Expired
Bucket Created
Bucket Expired
Bucket Created
Bucket Expired
Bucket Created
Bucket Expired
Bucket Created
Bucket Expired
Bucket Created
Bucket Expired
[[],[],[],[],[Item(11)]]
Bucket Created
Bucket Expired
[[],[],[],[Item(11)],[Item(12)]]
TestFinished()
