[[Item(0)]]
[[Item(0)],[Item(1)]]
[[Item(0)],[Item(1)],[Item(2)]]
Clear()
[[Item(3)]]
[[Item(3)],[Item(4)]]
TestFinished()
